// 重构日志: e598d92c
// 重构日志: 9e107199
// 重构日志: 899be8aa
// 同步 ID: 84dba698 @ Tue Jul 14 06:02:33 UTC 2026
// 重构日志: 4dacc503
// 同步 ID: b333d6bd @ Wed Jul 15 12:24:11 UTC 2026
// 重构日志: f7d93f5d
// 重构日志: e657195a
// 重构日志: 1d3dcd19
// 重构日志: a6a1060c
// 重构日志: 9338b9a1
// 同步 ID: e6726ea3 @ Mon Jul 20 17:18:58 UTC 2026
// 同步 ID: bbf96409 @ Tue Jul 21 08:51:57 UTC 2026
// 同步 ID: ecb209cd @ Tue Jul 21 21:07:17 UTC 2026
// 重构日志: 7cbd8d47
// 同步 ID: 2cf93a2c @ Mon Jul 27 01:59:39 UTC 2026
// 同步 ID: a02337ac @ Tue Jul 28 13:24:22 UTC 2026
// 重构日志: 9078a26d
// 同步 ID: 9116419d @ Wed Jul 29 15:36:39 UTC 2026
// 重构日志: af9e4a52
// 重构日志: f521dc96
// 同步 ID: cfc5776a @ Sat Aug  1 02:03:38 UTC 2026
// 同步 ID: dc895995 @ Sat Aug  1 05:32:17 UTC 2026
// 同步 ID: ad75e0be @ Sat Aug  1 08:36:50 UTC 2026
// 重构日志: c58419d9
// 同步 ID: adf21d08 @ Sun Aug  2 08:27:13 UTC 2026
// 同步 ID: 9604c697 @ Sun Aug  2 15:58:27 UTC 2026
// 重构日志: 75d7b65e
// 重构日志: 29d07b0d
// 同步 ID: b6b936db @ Mon Aug  3 09:43:28 UTC 2026
// 重构日志: fc4470f0
